Godot Engine v4.6.2.stable.official.71f334935 - https://godotengine.org
D3D12 12_0 - Forward+ - Using Device #0: NVIDIA - NVIDIA Quadro P4000

Kliknięto Graj - zmieniam scenę
Gracz przechodzi do: uid://c73a0b13go7jm
ERROR: Removing a CollisionObject node during a physics callback is not allowed and will cause undesired behavior. Remove with call_deferred() instead.
   at: _notification (scene/2d/physics/collision_object_2d.cpp:98)
   GDScript backtrace (most recent call first):
       [0] _on_body_entered (res://przejscie.gd:15)
Gracz przechodzi do: uid://cn46q0b5u8cm1
ERROR: Removing a CollisionObject node during a physics callback is not allowed and will cause undesired behavior. Remove with call_deferred() instead.
   at: _notification (scene/2d/physics/collision_object_2d.cpp:98)
   GDScript backtrace (most recent call first):
       [0] _on_body_entered (res://przejscie.gd:15)
Gracz przechodzi do: uid://c73a0b13go7jm
ERROR: Removing a CollisionObject node during a physics callback is not allowed and will cause undesired behavior. Remove with call_deferred() instead.
   at: _notification (scene/2d/physics/collision_object_2d.cpp:98)
   GDScript backtrace (most recent call first):
       [0] _on_body_entered (res://przejscie.gd:15)
Gracz przechodzi do: uid://cn46q0b5u8cm1
ERROR: Removing a CollisionObject node during a physics callback is not allowed and will cause undesired behavior. Remove with call_deferred() instead.
   at: _notification (scene/2d/physics/collision_object_2d.cpp:98)
   GDScript backtrace (most recent call first):
       [0] _on_body_entered (res://przejscie.gd:15)
Gracz przechodzi do: uid://c73a0b13go7jm
ERROR: Removing a CollisionObject node during a physics callback is not allowed and will cause undesired behavior. Remove with call_deferred() instead.
   at: _notification (scene/2d/physics/collision_object_2d.cpp:98)
   GDScript backtrace (most recent call first):
       [0] _on_body_entered (res://przejscie.gd:15)
Gracz przechodzi do: uid://cn46q0b5u8cm1
ERROR: Removing a CollisionObject node during a physics callback is not allowed and will cause undesired behavior. Remove with call_deferred() instead.
   at: _notification (scene/2d/physics/collision_object_2d.cpp:98)
   GDScript backtrace (most recent call first):
       [0] _on_body_entered (res://przejscie.gd:15)
